
> frontend@0.1.0 build
> next build

   Γû▓ Next.js 16.0.0 (Turbopack)
   - Environments: .env.local

   Creating an optimized production build ...
 Γ£ô Compiled successfully in 30.3s
   Running TypeScript ...
node.exe : Failed to compile.
At C:\Users\Elizabeth Simons\AppData\Roaming\npm\npm.ps1:24 char:5
+     & "node$exe"  "$basedir/node_modules/npm/bin/npm-cli.js" $args
+     ~~~~~~~~~~~~~~~~~~~~~~~~~~~~~~~~~~~~~~~~~~~~~~~~~~~~~~~~~~~~~~
    + CategoryInfo          : NotSpecified: (Failed to compile.:String) [], RemoteException
    + FullyQualifiedErrorId : NativeCommandError
 

./app/admin/coupons/page.tsx:61:40
Type error: Argument of type 'CreateCouponData' is not assignable to parameter of type 
'Omit<Coupon, "id" | "created_at" | "updated_at" | "used_count">'.
  Types of property 'minimum_amount' are incompatible.
    Type 'number | undefined' is not assignable to type 'number'.
      Type 'undefined' is not assignable to type 'number'.

[0m [90m 59 |[39m     e[33m.[39mpreventDefault()[33m;[39m
 [90m 60 |[39m     [36mtry[39m {
[31m[1m>[22m[39m[90m 61 |[39m       [36mawait[39m 
couponService[33m.[39mcreateCoupon(newCoupon)[33m;[39m
 [90m    |[39m                                        [31m[1m^[22m[39m
 [90m 62 |[39m       toast[33m.[39msuccess([32m'Coupon created 
successfully!'[39m)[33m;[39m
 [90m 63 |[39m       setShowCreateModal([36mfalse[39m)[33m;[39m
 [90m 64 |[39m       setNewCoupon({[0m
Next.js build worker exited with code: 1 and signal: null
